// Jest Snapshot v1, https://goo.gl/fbAQLP

exports[`Button Component  matches the snapshop 1`] = `<button />`;
